
  .   ____          _            __ _ _
 /\\ / ___'_ __ _ _(_)_ __  __ _ \ \ \ \
( ( )\___ | '_ | '_| | '_ \/ _` | \ \ \ \
 \\/  ___)| |_)| | | | | || (_| |  ) ) ) )
  '  |____| .__|_| |_|_| |_\__, | / / / /
 =========|_|==============|___/=/_/_/_/
 :: Spring Boot ::                (v2.4.2)

2026-08-20 20:40:30.261  INFO 46908 --- [           main] ch.ksfx.KSFX                             : Starting KSFX v0.0.1-SNAPSHOT using Java 1.8.0_492 on kstarosta-ryzen with PID 46908 (C:\Users\kejos\Documents\github\ksfx-lexaris\target\KSFX.jar started by kejos in C:\Users\kejos\Documents\github\ksfx-lexaris)
2026-08-20 20:40:30.261  INFO 46908 --- [           main] ch.ksfx.KSFX                             : No active profile set, falling back to default profiles: default
2026-08-20 20:40:33.464  INFO 46908 --- [           main] o.s.b.w.embedded.tomcat.TomcatWebServer  : Tomcat initialized with port(s): 8080 (http)
2026-08-20 20:40:33.484  INFO 46908 --- [           main] o.apache.catalina.core.StandardService   : Starting service [Tomcat]
2026-08-20 20:40:33.484  INFO 46908 --- [           main] org.apache.catalina.core.StandardEngine  : Starting Servlet engine: [Apache Tomcat/9.0.41]
2026-08-20 20:40:33.607  INFO 46908 --- [           main] o.a.c.c.C.[Tomcat].[localhost].[/]       : Initializing Spring embedded WebApplicationContext
2026-08-20 20:40:33.607  INFO 46908 --- [           main] w.s.c.ServletWebServerApplicationContext : Root WebApplicationContext: initialization completed in 2852 ms
Providing Service Database
2026-08-20 20:40:34.253  INFO 46908 --- [           main] o.avaje.datasource.pool.ConnectionPool   : DataSourcePool [default] autoCommit[false] transIsolation[READ_COMMITTED] min[1] max[2000]
2026-08-20 20:40:34.964  INFO 46908 --- [           main] io.ebean.internal.DefaultContainer       : DatabasePlatform name:default platform:mysql
2026-08-20 20:40:35.164  INFO 46908 --- [           main] i.e.s.d.parse.DeployCreateProperties     : trimming off 'is' from boolean field name isBinary in class ch.ksfx.model.spidering.Resource
2026-08-20 20:40:35.172  INFO 46908 --- [           main] i.e.s.d.parse.DeployCreateProperties     : trimming off 'is' from boolean field name isValid in class ch.ksfx.model.spidering.Result
2026-08-20 20:40:36.645  INFO 46908 --- [           main] liquibase.executor.jvm.JdbcExecutor      : SELECT COUNT(*) FROM ksfx.DATABASECHANGELOGLOCK
2026-08-20 20:40:36.674  INFO 46908 --- [           main] liquibase.executor.jvm.JdbcExecutor      : SELECT COUNT(*) FROM ksfx.DATABASECHANGELOGLOCK
2026-08-20 20:40:36.680  INFO 46908 --- [           main] liquibase.executor.jvm.JdbcExecutor      : SELECT `LOCKED` FROM ksfx.DATABASECHANGELOGLOCK WHERE ID=1
2026-08-20 20:40:36.702  INFO 46908 --- [           main] l.lockservice.StandardLockService        : Changelog-Protokoll erfolgreich gesperrt.
2026-08-20 20:40:37.728  INFO 46908 --- [           main] liquibase.executor.jvm.JdbcExecutor      : SELECT MD5SUM FROM ksfx.DATABASECHANGELOG WHERE MD5SUM IS NOT NULL LIMIT 1
2026-08-20 20:40:37.733  INFO 46908 --- [           main] liquibase.executor.jvm.JdbcExecutor      : SELECT COUNT(*) FROM ksfx.DATABASECHANGELOG
2026-08-20 20:40:37.737  INFO 46908 --- [           main] l.c.StandardChangeLogHistoryService      : Reading from ksfx.DATABASECHANGELOG
2026-08-20 20:40:37.738  INFO 46908 --- [           main] liquibase.executor.jvm.JdbcExecutor      : SELECT * FROM ksfx.DATABASECHANGELOG ORDER BY DATEEXECUTED ASC, ORDEREXECUTED ASC
2026-08-20 20:40:37.769  INFO 46908 --- [           main] l.lockservice.StandardLockService        : Successfully released change log lock
2026-08-20 20:40:37.789  INFO 46908 --- [           main] c.k.services.scheduler.SchedulerService  : ======================> Staring Scheduler
2026-08-20 20:40:37.850  INFO 46908 --- [           main] org.quartz.impl.StdSchedulerFactory      : Using default implementation for ThreadExecutor
2026-08-20 20:40:37.867  INFO 46908 --- [           main] org.quartz.simpl.SimpleThreadPool        : Job execution threads will use class loader of thread: main
2026-08-20 20:40:37.892  INFO 46908 --- [           main] org.quartz.core.SchedulerSignalerImpl    : Initialized Scheduler Signaller of type: class org.quartz.core.SchedulerSignalerImpl
2026-08-20 20:40:37.892  INFO 46908 --- [           main] org.quartz.core.QuartzScheduler          : Quartz Scheduler v.2.3.2 created.
2026-08-20 20:40:37.897  INFO 46908 --- [           main] org.quartz.simpl.RAMJobStore             : RAMJobStore initialized.
2026-08-20 20:40:37.897  INFO 46908 --- [           main] org.quartz.core.QuartzScheduler          : Scheduler meta-data: Quartz Scheduler (v2.3.2) 'DefaultQuartzScheduler' with instanceId 'NON_CLUSTERED'
  Scheduler class: 'org.quartz.core.QuartzScheduler' - running locally.
  NOT STARTED.
  Currently in standby mode.
  Number of jobs executed: 0
  Using thread pool 'org.quartz.simpl.SimpleThreadPool' - with 10 threads.
  Using job-store 'org.quartz.simpl.RAMJobStore' - which does not support persistence. and is not clustered.

2026-08-20 20:40:37.897  INFO 46908 --- [           main] org.quartz.impl.StdSchedulerFactory      : Quartz scheduler 'DefaultQuartzScheduler' initialized from default resource file in Quartz package: 'quartz.properties'
2026-08-20 20:40:37.897  INFO 46908 --- [           main] org.quartz.impl.StdSchedulerFactory      : Quartz scheduler version: 2.3.2
2026-08-20 20:40:37.897  INFO 46908 --- [           main] org.quartz.core.QuartzScheduler          : Scheduler DefaultQuartzScheduler_$_NON_CLUSTERED started.
Index file path: C:\Users\kejos\ksfx\index\
2026-08-20 20:40:38.614  INFO 46908 --- [           main] c.d.o.d.i.core.DefaultMavenCoordinates   : DataStax Java driver for Apache Cassandra(R) (com.datastax.oss:java-driver-core) version 4.10.0
2026-08-20 20:40:38.769  INFO 46908 --- [           main] c.d.o.d.i.c.c.InternalDriverContext      : Could not register Graph extensions; this is normal if Tinkerpop was explicitly excluded from classpath
2026-08-20 20:40:39.674  INFO 46908 --- [     s0-admin-0] c.d.oss.driver.internal.core.time.Clock  : Using native clock for microsecond precision
2026-08-20 20:40:39.676  INFO 46908 --- [     s0-admin-0] c.d.o.d.i.core.metadata.MetadataManager  : [s0] No contact points provided, defaulting to /127.0.0.1:9042
2026-08-20 20:40:42.505  WARN 46908 --- [     s0-admin-1] c.d.o.d.i.c.control.ControlConnection    : [s0] Error connecting to Node(endPoint=/127.0.0.1:9042, hostId=null, hashCode=27c40ae4), trying next node (ConnectionInitException: [s0|control|connecting...] Protocol initialization request, step 1 (OPTIONS): failed to send request (io.netty.channel.StacklessClosedChannelException))
!!!!!!!!!!!!!!!!!!! WARNING CASSANDRA WON'T BE AVAILABLE !!!!!!!!!!!!!!!!!!!
!!!!!!!!!!!!!!!!!!! WARNING CASSANDRA WON'T BE AVAILABLE !!!!!!!!!!!!!!!!!!!
!!!!!!!!!!!!!!!!!!! WARNING CASSANDRA WON'T BE AVAILABLE !!!!!!!!!!!!!!!!!!!
!!!!!!!!!!!!!!!!!!! WARNING CASSANDRA WON'T BE AVAILABLE !!!!!!!!!!!!!!!!!!!
!!!!!!!!!!!!!!!!!!! WARNING CASSANDRA WON'T BE AVAILABLE !!!!!!!!!!!!!!!!!!!
!!!!!!!!!!!!!!!!!!! WARNING CASSANDRA WON'T BE AVAILABLE !!!!!!!!!!!!!!!!!!!
!!!!!!!!!!!!!!!!!!! WARNING CASSANDRA WON'T BE AVAILABLE !!!!!!!!!!!!!!!!!!!
!!!!!!!!!!!!!!!!!!! WARNING CASSANDRA WON'T BE AVAILABLE !!!!!!!!!!!!!!!!!!!
Index file path: C:\Users\kejos\ksfx\index\
Encrypted Password: $2a$10$XaxOgltzKr1e.mgPu4Iq.eGflEafFnWOwd5uQ8BDsRIuLRHx8gS7K
2026-08-20 20:40:43.042  INFO 46908 --- [           main] o.s.s.web.DefaultSecurityFilterChain     : Will secure any request with [org.springframework.security.web.context.request.async.WebAsyncManagerIntegrationFilter@411291e5, org.springframework.security.web.context.SecurityContextPersistenceFilter@4564e94b, org.springframework.security.web.header.HeaderWriterFilter@7bc9e6ab, org.springframework.security.web.csrf.CsrfFilter@4a1e3ac1, org.springframework.security.web.authentication.logout.LogoutFilter@1efdcd5, org.springframework.security.web.authentication.UsernamePasswordAuthenticationFilter@5b6e8f77, org.springframework.security.web.savedrequest.RequestCacheAwareFilter@51745f40, org.springframework.security.web.servletapi.SecurityContextHolderAwareRequestFilter@69e308c6, org.springframework.security.web.authentication.AnonymousAuthenticationFilter@6e28bb87, org.springframework.security.web.session.SessionManagementFilter@4248ed58, org.springframework.security.web.access.ExceptionTranslationFilter@f2c488, org.springframework.security.web.access.intercept.FilterSecurityInterceptor@2fb5fe30]
2026-08-20 20:40:43.349  INFO 46908 --- [           main] o.s.s.concurrent.ThreadPoolTaskExecutor  : Initializing ExecutorService 'applicationTaskExecutor'
2026-08-20 20:40:44.056  INFO 46908 --- [           main] o.s.s.c.ThreadPoolTaskScheduler          : Initializing ExecutorService 'taskScheduler'
2026-08-20 20:40:44.111  INFO 46908 --- [           main] o.s.b.w.embedded.tomcat.TomcatWebServer  : Tomcat started on port(s): 8080 (http) with context path ''
2026-08-20 20:40:44.134  INFO 46908 --- [           main] ch.ksfx.KSFX                             : Started KSFX in 14.533 seconds (JVM running for 15.013)
Execution com.lexaris.slurpers.risat.AtBundSpidering@61488b9
Instance ch.ksfx.model.activity.ActivityInstance@35f52c07
Writing data Using SQL Writer: 34958 for activityInstanceId: 2475177 for publishingConfigurationId: null
Writing data 
 for activityInstanceId: 2475177 for publishingConfigurationId: null
Writing data Using DEFAULT_POSTGRES_HOST: localhost for activityInstanceId: 2475177 for publishingConfigurationId: null
Writing data 
 for activityInstanceId: 2475177 for publishingConfigurationId: null
Writing data Using DEFAULT_POSTGRES_USER: postgres for activityInstanceId: 2475177 for publishingConfigurationId: null
Writing data 
 for activityInstanceId: 2475177 for publishingConfigurationId: null
Writing data Using DEFAULT_POSTGRES_PASS: password for activityInstanceId: 2475177 for publishingConfigurationId: null
Writing data 
 for activityInstanceId: 2475177 for publishingConfigurationId: null
Writing data Cleared Unfinished (Broken) Spiderings 1 for activityInstanceId: 2475177 for publishingConfigurationId: null
Writing data 
 for activityInstanceId: 2475177 for publishingConfigurationId: null
Writing data [INFO] Enumeration page 1/107 - 100 laws so far for activityInstanceId: 2475177 for publishingConfigurationId: null
Writing data 
 for activityInstanceId: 2475177 for publishingConfigurationId: null
Writing data [INFO] Enumeration page 2/107 - 200 laws so far for activityInstanceId: 2475177 for publishingConfigurationId: null
Writing data 
 for activityInstanceId: 2475177 for publishingConfigurationId: null
Writing data [INFO] Enumeration page 3/107 - 300 laws so far for activityInstanceId: 2475177 for publishingConfigurationId: null
Writing data 
 for activityInstanceId: 2475177 for publishingConfigurationId: null
Writing data [INFO] Enumeration page 4/107 - 400 laws so far for activityInstanceId: 2475177 for publishingConfigurationId: null
Writing data 
 for activityInstanceId: 2475177 for publishingConfigurationId: null
Writing data [INFO] Enumeration page 5/107 - 500 laws so far for activityInstanceId: 2475177 for publishingConfigurationId: null
Writing data 
 for activityInstanceId: 2475177 for publishingConfigurationId: null
Writing data [INFO] Enumeration page 6/107 - 600 laws so far for activityInstanceId: 2475177 for publishingConfigurationId: null
Writing data 
 for activityInstanceId: 2475177 for publishingConfigurationId: null
Writing data [INFO] Enumeration page 7/107 - 700 laws so far for activityInstanceId: 2475177 for publishingConfigurationId: null
Writing data 
 for activityInstanceId: 2475177 for publishingConfigurationId: null
Writing data [INFO] Enumeration page 8/107 - 800 laws so far for activityInstanceId: 2475177 for publishingConfigurationId: null
Writing data 
 for activityInstanceId: 2475177 for publishingConfigurationId: null
Writing data [INFO] Enumeration page 9/107 - 900 laws so far for activityInstanceId: 2475177 for publishingConfigurationId: null
Writing data 
 for activityInstanceId: 2475177 for publishingConfigurationId: null
Writing data [INFO] Enumeration page 10/107 - 1000 laws so far for activityInstanceId: 2475177 for publishingConfigurationId: null
Writing data 
 for activityInstanceId: 2475177 for publishingConfigurationId: null
Writing data [INFO] Enumeration page 11/107 - 1100 laws so far for activityInstanceId: 2475177 for publishingConfigurationId: null
Writing data 
 for activityInstanceId: 2475177 for publishingConfigurationId: null
Writing data [INFO] Enumeration page 12/107 - 1200 laws so far for activityInstanceId: 2475177 for publishingConfigurationId: null
Writing data 
 for activityInstanceId: 2475177 for publishingConfigurationId: null
Writing data [INFO] Enumeration page 13/107 - 1300 laws so far for activityInstanceId: 2475177 for publishingConfigurationId: null
Writing data 
 for activityInstanceId: 2475177 for publishingConfigurationId: null
Writing data [INFO] Enumeration page 14/107 - 1400 laws so far for activityInstanceId: 2475177 for publishingConfigurationId: null
Writing data 
 for activityInstanceId: 2475177 for publishingConfigurationId: null
Writing data [INFO] Enumeration page 15/107 - 1500 laws so far for activityInstanceId: 2475177 for publishingConfigurationId: null
Writing data 
 for activityInstanceId: 2475177 for publishingConfigurationId: null
Writing data [INFO] Enumeration page 16/107 - 1600 laws so far for activityInstanceId: 2475177 for publishingConfigurationId: null
Writing data 
 for activityInstanceId: 2475177 for publishingConfigurationId: null
Writing data [INFO] Enumeration page 17/107 - 1700 laws so far for activityInstanceId: 2475177 for publishingConfigurationId: null
Writing data 
 for activityInstanceId: 2475177 for publishingConfigurationId: null
Writing data [INFO] Enumeration page 18/107 - 1800 laws so far for activityInstanceId: 2475177 for publishingConfigurationId: null
Writing data 
 for activityInstanceId: 2475177 for publishingConfigurationId: null
Writing data [INFO] Enumeration page 19/107 - 1900 laws so far for activityInstanceId: 2475177 for publishingConfigurationId: null
Writing data 
 for activityInstanceId: 2475177 for publishingConfigurationId: null
Writing data [INFO] Enumeration page 20/107 - 2000 laws so far for activityInstanceId: 2475177 for publishingConfigurationId: null
Writing data 
 for activityInstanceId: 2475177 for publishingConfigurationId: null
Writing data [INFO] Enumeration page 21/107 - 2100 laws so far for activityInstanceId: 2475177 for publishingConfigurationId: null
Writing data 
 for activityInstanceId: 2475177 for publishingConfigurationId: null
Writing data [INFO] Enumeration page 22/107 - 2200 laws so far for activityInstanceId: 2475177 for publishingConfigurationId: null
Writing data 
 for activityInstanceId: 2475177 for publishingConfigurationId: null
Writing data [INFO] Enumeration page 23/107 - 2300 laws so far for activityInstanceId: 2475177 for publishingConfigurationId: null
Writing data 
 for activityInstanceId: 2475177 for publishingConfigurationId: null
Writing data [INFO] Enumeration page 24/107 - 2400 laws so far for activityInstanceId: 2475177 for publishingConfigurationId: null
Writing data 
 for activityInstanceId: 2475177 for publishingConfigurationId: null
Writing data [INFO] Enumeration page 25/107 - 2500 laws so far for activityInstanceId: 2475177 for publishingConfigurationId: null
Writing data 
 for activityInstanceId: 2475177 for publishingConfigurationId: null
Writing data [INFO] Enumeration page 26/107 - 2600 laws so far for activityInstanceId: 2475177 for publishingConfigurationId: null
Writing data 
 for activityInstanceId: 2475177 for publishingConfigurationId: null
Writing data [INFO] Enumeration page 27/107 - 2700 laws so far for activityInstanceId: 2475177 for publishingConfigurationId: null
Writing data 
 for activityInstanceId: 2475177 for publishingConfigurationId: null
Writing data [INFO] Enumeration page 28/107 - 2800 laws so far for activityInstanceId: 2475177 for publishingConfigurationId: null
Writing data 
 for activityInstanceId: 2475177 for publishingConfigurationId: null
Writing data [INFO] Enumeration page 29/107 - 2900 laws so far for activityInstanceId: 2475177 for publishingConfigurationId: null
Writing data 
 for activityInstanceId: 2475177 for publishingConfigurationId: null
Writing data [INFO] Enumeration page 30/107 - 3000 laws so far for activityInstanceId: 2475177 for publishingConfigurationId: null
Writing data 
 for activityInstanceId: 2475177 for publishingConfigurationId: null
Writing data [INFO] Enumeration page 31/107 - 3100 laws so far for activityInstanceId: 2475177 for publishingConfigurationId: null
Writing data 
 for activityInstanceId: 2475177 for publishingConfigurationId: null
Writing data [INFO] Enumeration page 32/107 - 3200 laws so far for activityInstanceId: 2475177 for publishingConfigurationId: null
Writing data 
 for activityInstanceId: 2475177 for publishingConfigurationId: null
Writing data [INFO] Enumeration page 33/107 - 3300 laws so far for activityInstanceId: 2475177 for publishingConfigurationId: null
Writing data 
 for activityInstanceId: 2475177 for publishingConfigurationId: null
Writing data [INFO] Enumeration page 34/107 - 3400 laws so far for activityInstanceId: 2475177 for publishingConfigurationId: null
Writing data 
 for activityInstanceId: 2475177 for publishingConfigurationId: null
Writing data [INFO] Enumeration page 35/107 - 3500 laws so far for activityInstanceId: 2475177 for publishingConfigurationId: null
Writing data 
 for activityInstanceId: 2475177 for publishingConfigurationId: null
Writing data [INFO] Enumeration page 36/107 - 3600 laws so far for activityInstanceId: 2475177 for publishingConfigurationId: null
Writing data 
 for activityInstanceId: 2475177 for publishingConfigurationId: null
Writing data [INFO] Enumeration page 37/107 - 3700 laws so far for activityInstanceId: 2475177 for publishingConfigurationId: null
Writing data 
 for activityInstanceId: 2475177 for publishingConfigurationId: null
Writing data [INFO] Enumeration page 38/107 - 3800 laws so far for activityInstanceId: 2475177 for publishingConfigurationId: null
Writing data 
 for activityInstanceId: 2475177 for publishingConfigurationId: null
Writing data [INFO] Enumeration page 39/107 - 3900 laws so far for activityInstanceId: 2475177 for publishingConfigurationId: null
Writing data 
 for activityInstanceId: 2475177 for publishingConfigurationId: null
Writing data [INFO] Enumeration page 40/107 - 4000 laws so far for activityInstanceId: 2475177 for publishingConfigurationId: null
Writing data 
 for activityInstanceId: 2475177 for publishingConfigurationId: null
Writing data [INFO] Enumeration page 41/107 - 4100 laws so far for activityInstanceId: 2475177 for publishingConfigurationId: null
Writing data 
 for activityInstanceId: 2475177 for publishingConfigurationId: null
Writing data [INFO] Enumeration page 42/107 - 4200 laws so far for activityInstanceId: 2475177 for publishingConfigurationId: null
Writing data 
 for activityInstanceId: 2475177 for publishingConfigurationId: null
Writing data [INFO] Enumeration page 43/107 - 4300 laws so far for activityInstanceId: 2475177 for publishingConfigurationId: null
Writing data 
 for activityInstanceId: 2475177 for publishingConfigurationId: null
Writing data [INFO] Enumeration page 44/107 - 4400 laws so far for activityInstanceId: 2475177 for publishingConfigurationId: null
Writing data 
 for activityInstanceId: 2475177 for publishingConfigurationId: null
Writing data [INFO] Enumeration page 45/107 - 4500 laws so far for activityInstanceId: 2475177 for publishingConfigurationId: null
Writing data 
 for activityInstanceId: 2475177 for publishingConfigurationId: null
Writing data [INFO] Enumeration page 46/107 - 4600 laws so far for activityInstanceId: 2475177 for publishingConfigurationId: null
Writing data 
 for activityInstanceId: 2475177 for publishingConfigurationId: null
Writing data [INFO] Enumeration page 47/107 - 4700 laws so far for activityInstanceId: 2475177 for publishingConfigurationId: null
Writing data 
 for activityInstanceId: 2475177 for publishingConfigurationId: null
Writing data [INFO] Enumeration page 48/107 - 4800 laws so far for activityInstanceId: 2475177 for publishingConfigurationId: null
Writing data 
 for activityInstanceId: 2475177 for publishingConfigurationId: null
Writing data [INFO] Enumeration page 49/107 - 4900 laws so far for activityInstanceId: 2475177 for publishingConfigurationId: null
Writing data 
 for activityInstanceId: 2475177 for publishingConfigurationId: null
Writing data [INFO] Enumeration page 50/107 - 5000 laws so far for activityInstanceId: 2475177 for publishingConfigurationId: null
Writing data 
 for activityInstanceId: 2475177 for publishingConfigurationId: null
Writing data [INFO] Enumeration page 51/107 - 5100 laws so far for activityInstanceId: 2475177 for publishingConfigurationId: null
Writing data 
 for activityInstanceId: 2475177 for publishingConfigurationId: null
Writing data [INFO] Enumeration page 52/107 - 5200 laws so far for activityInstanceId: 2475177 for publishingConfigurationId: null
Writing data 
 for activityInstanceId: 2475177 for publishingConfigurationId: null
Writing data [INFO] Enumeration page 53/107 - 5300 laws so far for activityInstanceId: 2475177 for publishingConfigurationId: null
Writing data 
 for activityInstanceId: 2475177 for publishingConfigurationId: null
Writing data [INFO] Enumeration page 54/107 - 5400 laws so far for activityInstanceId: 2475177 for publishingConfigurationId: null
Writing data 
 for activityInstanceId: 2475177 for publishingConfigurationId: null
Writing data [INFO] Enumeration page 55/107 - 5500 laws so far for activityInstanceId: 2475177 for publishingConfigurationId: null
Writing data 
 for activityInstanceId: 2475177 for publishingConfigurationId: null
Writing data [INFO] Enumeration page 56/107 - 5600 laws so far for activityInstanceId: 2475177 for publishingConfigurationId: null
Writing data 
 for activityInstanceId: 2475177 for publishingConfigurationId: null
Writing data [INFO] Enumeration page 57/107 - 5700 laws so far for activityInstanceId: 2475177 for publishingConfigurationId: null
Writing data 
 for activityInstanceId: 2475177 for publishingConfigurationId: null
Writing data [INFO] Enumeration page 58/107 - 5800 laws so far for activityInstanceId: 2475177 for publishingConfigurationId: null
Writing data 
 for activityInstanceId: 2475177 for publishingConfigurationId: null
Writing data [INFO] Enumeration page 59/107 - 5900 laws so far for activityInstanceId: 2475177 for publishingConfigurationId: null
Writing data 
 for activityInstanceId: 2475177 for publishingConfigurationId: null
Writing data [INFO] Enumeration page 60/107 - 6000 laws so far for activityInstanceId: 2475177 for publishingConfigurationId: null
Writing data 
 for activityInstanceId: 2475177 for publishingConfigurationId: null
Writing data [INFO] Enumeration page 61/107 - 6100 laws so far for activityInstanceId: 2475177 for publishingConfigurationId: null
Writing data 
 for activityInstanceId: 2475177 for publishingConfigurationId: null
Writing data [INFO] Enumeration page 62/107 - 6200 laws so far for activityInstanceId: 2475177 for publishingConfigurationId: null
Writing data 
 for activityInstanceId: 2475177 for publishingConfigurationId: null
Writing data [INFO] Enumeration page 63/107 - 6300 laws so far for activityInstanceId: 2475177 for publishingConfigurationId: null
Writing data 
 for activityInstanceId: 2475177 for publishingConfigurationId: null
Writing data [INFO] Enumeration page 64/107 - 6400 laws so far for activityInstanceId: 2475177 for publishingConfigurationId: null
Writing data 
 for activityInstanceId: 2475177 for publishingConfigurationId: null
Writing data [INFO] Enumeration page 65/107 - 6500 laws so far for activityInstanceId: 2475177 for publishingConfigurationId: null
Writing data 
 for activityInstanceId: 2475177 for publishingConfigurationId: null
Writing data [INFO] Enumeration page 66/107 - 6600 laws so far for activityInstanceId: 2475177 for publishingConfigurationId: null
Writing data 
 for activityInstanceId: 2475177 for publishingConfigurationId: null
Writing data [INFO] Enumeration page 67/107 - 6700 laws so far for activityInstanceId: 2475177 for publishingConfigurationId: null
Writing data 
 for activityInstanceId: 2475177 for publishingConfigurationId: null
Writing data [INFO] Enumeration page 68/107 - 6800 laws so far for activityInstanceId: 2475177 for publishingConfigurationId: null
Writing data 
 for activityInstanceId: 2475177 for publishingConfigurationId: null
Writing data [INFO] Enumeration page 69/107 - 6900 laws so far for activityInstanceId: 2475177 for publishingConfigurationId: null
Writing data 
 for activityInstanceId: 2475177 for publishingConfigurationId: null
Writing data [INFO] Enumeration page 70/107 - 7000 laws so far for activityInstanceId: 2475177 for publishingConfigurationId: null
Writing data 
 for activityInstanceId: 2475177 for publishingConfigurationId: null
Writing data [INFO] Enumeration page 71/107 - 7100 laws so far for activityInstanceId: 2475177 for publishingConfigurationId: null
Writing data 
 for activityInstanceId: 2475177 for publishingConfigurationId: null
Writing data [INFO] Enumeration page 72/107 - 7200 laws so far for activityInstanceId: 2475177 for publishingConfigurationId: null
Writing data 
 for activityInstanceId: 2475177 for publishingConfigurationId: null
Writing data [INFO] Enumeration page 73/107 - 7300 laws so far for activityInstanceId: 2475177 for publishingConfigurationId: null
Writing data 
 for activityInstanceId: 2475177 for publishingConfigurationId: null
Writing data [INFO] Enumeration page 74/107 - 7400 laws so far for activityInstanceId: 2475177 for publishingConfigurationId: null
Writing data 
 for activityInstanceId: 2475177 for publishingConfigurationId: null
Writing data [INFO] Enumeration page 75/107 - 7500 laws so far for activityInstanceId: 2475177 for publishingConfigurationId: null
Writing data 
 for activityInstanceId: 2475177 for publishingConfigurationId: null
Writing data [INFO] Enumeration page 76/107 - 7600 laws so far for activityInstanceId: 2475177 for publishingConfigurationId: null
Writing data 
 for activityInstanceId: 2475177 for publishingConfigurationId: null
Writing data [INFO] Enumeration page 77/107 - 7700 laws so far for activityInstanceId: 2475177 for publishingConfigurationId: null
Writing data 
 for activityInstanceId: 2475177 for publishingConfigurationId: null
Writing data [INFO] Enumeration page 78/107 - 7800 laws so far for activityInstanceId: 2475177 for publishingConfigurationId: null
Writing data 
 for activityInstanceId: 2475177 for publishingConfigurationId: null
Writing data [INFO] Enumeration page 79/107 - 7900 laws so far for activityInstanceId: 2475177 for publishingConfigurationId: null
Writing data 
 for activityInstanceId: 2475177 for publishingConfigurationId: null
Writing data [INFO] Enumeration page 80/107 - 8000 laws so far for activityInstanceId: 2475177 for publishingConfigurationId: null
Writing data 
 for activityInstanceId: 2475177 for publishingConfigurationId: null
Writing data [INFO] Enumeration page 81/107 - 8100 laws so far for activityInstanceId: 2475177 for publishingConfigurationId: null
Writing data 
 for activityInstanceId: 2475177 for publishingConfigurationId: null
Writing data [INFO] Enumeration page 82/107 - 8200 laws so far for activityInstanceId: 2475177 for publishingConfigurationId: null
Writing data 
 for activityInstanceId: 2475177 for publishingConfigurationId: null
Writing data [INFO] Enumeration page 83/107 - 8300 laws so far for activityInstanceId: 2475177 for publishingConfigurationId: null
Writing data 
 for activityInstanceId: 2475177 for publishingConfigurationId: null
Writing data [INFO] Enumeration page 84/107 - 8400 laws so far for activityInstanceId: 2475177 for publishingConfigurationId: null
Writing data 
 for activityInstanceId: 2475177 for publishingConfigurationId: null
Writing data [INFO] Enumeration page 85/107 - 8500 laws so far for activityInstanceId: 2475177 for publishingConfigurationId: null
Writing data 
 for activityInstanceId: 2475177 for publishingConfigurationId: null
Writing data [INFO] Enumeration page 86/107 - 8600 laws so far for activityInstanceId: 2475177 for publishingConfigurationId: null
Writing data 
 for activityInstanceId: 2475177 for publishingConfigurationId: null
Writing data [INFO] Enumeration page 87/107 - 8700 laws so far for activityInstanceId: 2475177 for publishingConfigurationId: null
Writing data 
 for activityInstanceId: 2475177 for publishingConfigurationId: null
Writing data [INFO] Enumeration page 88/107 - 8800 laws so far for activityInstanceId: 2475177 for publishingConfigurationId: null
Writing data 
 for activityInstanceId: 2475177 for publishingConfigurationId: null
Writing data [INFO] Enumeration page 89/107 - 8900 laws so far for activityInstanceId: 2475177 for publishingConfigurationId: null
Writing data 
 for activityInstanceId: 2475177 for publishingConfigurationId: null
Writing data [INFO] Enumeration page 90/107 - 9000 laws so far for activityInstanceId: 2475177 for publishingConfigurationId: null
Writing data 
 for activityInstanceId: 2475177 for publishingConfigurationId: null
Writing data [INFO] Enumeration page 91/107 - 9100 laws so far for activityInstanceId: 2475177 for publishingConfigurationId: null
Writing data 
 for activityInstanceId: 2475177 for publishingConfigurationId: null
Writing data [INFO] Enumeration page 92/107 - 9200 laws so far for activityInstanceId: 2475177 for publishingConfigurationId: null
Writing data 
 for activityInstanceId: 2475177 for publishingConfigurationId: null
Writing data [INFO] Enumeration page 93/107 - 9300 laws so far for activityInstanceId: 2475177 for publishingConfigurationId: null
Writing data 
 for activityInstanceId: 2475177 for publishingConfigurationId: null
Writing data [INFO] Enumeration page 94/107 - 9400 laws so far for activityInstanceId: 2475177 for publishingConfigurationId: null
Writing data 
 for activityInstanceId: 2475177 for publishingConfigurationId: null
Writing data [INFO] Enumeration page 95/107 - 9500 laws so far for activityInstanceId: 2475177 for publishingConfigurationId: null
Writing data 
 for activityInstanceId: 2475177 for publishingConfigurationId: null
Writing data [INFO] Enumeration page 96/107 - 9600 laws so far for activityInstanceId: 2475177 for publishingConfigurationId: null
Writing data 
 for activityInstanceId: 2475177 for publishingConfigurationId: null
Writing data [INFO] Enumeration page 97/107 - 9700 laws so far for activityInstanceId: 2475177 for publishingConfigurationId: null
Writing data 
 for activityInstanceId: 2475177 for publishingConfigurationId: null
Writing data [INFO] Enumeration page 98/107 - 9800 laws so far for activityInstanceId: 2475177 for publishingConfigurationId: null
Writing data 
 for activityInstanceId: 2475177 for publishingConfigurationId: null
Writing data [INFO] Enumeration page 99/107 - 9900 laws so far for activityInstanceId: 2475177 for publishingConfigurationId: null
Writing data 
 for activityInstanceId: 2475177 for publishingConfigurationId: null
Writing data [INFO] Enumeration page 100/107 - 10000 laws so far for activityInstanceId: 2475177 for publishingConfigurationId: null
Writing data 
 for activityInstanceId: 2475177 for publishingConfigurationId: null
Writing data [INFO] Enumeration page 101/107 - 10100 laws so far for activityInstanceId: 2475177 for publishingConfigurationId: null
Writing data 
 for activityInstanceId: 2475177 for publishingConfigurationId: null
Writing data [INFO] Enumeration page 102/107 - 10200 laws so far for activityInstanceId: 2475177 for publishingConfigurationId: null
Writing data 
 for activityInstanceId: 2475177 for publishingConfigurationId: null
Writing data [INFO] Enumeration page 103/107 - 10300 laws so far for activityInstanceId: 2475177 for publishingConfigurationId: null
Writing data 
 for activityInstanceId: 2475177 for publishingConfigurationId: null
Writing data [INFO] Enumeration page 104/107 - 10400 laws so far for activityInstanceId: 2475177 for publishingConfigurationId: null
Writing data 
 for activityInstanceId: 2475177 for publishingConfigurationId: null
Writing data [INFO] Enumeration page 105/107 - 10500 laws so far for activityInstanceId: 2475177 for publishingConfigurationId: null
Writing data 
 for activityInstanceId: 2475177 for publishingConfigurationId: null
Writing data [INFO] Enumeration page 106/107 - 10600 laws so far for activityInstanceId: 2475177 for publishingConfigurationId: null
Writing data 
 for activityInstanceId: 2475177 for publishingConfigurationId: null
Writing data [INFO] Enumeration page 107/107 - 10696 laws so far for activityInstanceId: 2475177 for publishingConfigurationId: null
Writing data 
 for activityInstanceId: 2475177 for publishingConfigurationId: null
Writing data Enumerated 10696 currently-valid Bundesrecht laws for activityInstanceId: 2475177 for publishingConfigurationId: null
Writing data 
 for activityInstanceId: 2475177 for publishingConfigurationId: null
Writing data Found 1 Documents to spider (testOnly=true) for activityInstanceId: 2475177 for publishingConfigurationId: null
Writing data 
 for activityInstanceId: 2475177 for publishingConfigurationId: null
Writing data [INFO] [1/1] Now at Gesetzesnummer: 10001597 (DSG) for activityInstanceId: 2475177 for publishingConfigurationId: null
Writing data 
 for activityInstanceId: 2475177 for publishingConfigurationId: null
Writing data [INFO] EXISTING Lexaris ID 11316970 -> DSG -> Datenschutzgesetz – DSG -> https://ogd.ris.bka.gv.at/GeltendeFassung.wxe?Abfrage=Bundesnormen&Gesetzesnummer=10001597 for activityInstanceId: 2475177 for publishingConfigurationId: null
Writing data 
 for activityInstanceId: 2475177 for publishingConfigurationId: null
Writing data Loading Errors: 0 for activityInstanceId: 2475177 for publishingConfigurationId: null
Writing data 
 for activityInstanceId: 2475177 for publishingConfigurationId: null
Writing data Date Errors: 0 for activityInstanceId: 2475177 for publishingConfigurationId: null
Writing data 
 for activityInstanceId: 2475177 for publishingConfigurationId: null
Writing data Existing documents: 1 for activityInstanceId: 2475177 for publishingConfigurationId: null
Writing data 
 for activityInstanceId: 2475177 for publishingConfigurationId: null
Writing data New documents: 0 for activityInstanceId: 2475177 for publishingConfigurationId: null
Writing data 
 for activityInstanceId: 2475177 for publishingConfigurationId: null
Writing data Duplicate abbreviations: 0 for activityInstanceId: 2475177 for publishingConfigurationId: null
Writing data 
 for activityInstanceId: 2475177 for publishingConfigurationId: null
Writing data Short titles found: 0 for activityInstanceId: 2475177 for publishingConfigurationId: null
Writing data 
 for activityInstanceId: 2475177 for publishingConfigurationId: null
Writing data Documents with no extracted content: 0 for activityInstanceId: 2475177 for publishingConfigurationId: null
Writing data 
 for activityInstanceId: 2475177 for publishingConfigurationId: null
Writing data Finished for activityInstanceId: 2475177 for publishingConfigurationId: null
Writing data 
 for activityInstanceId: 2475177 for publishingConfigurationId: null
